Release 14.7 - xst P.20131013 (lin64)
Copyright (c) 1995-2013 Xilinx, Inc.  All rights reserved.
--> 
Parameter TMPDIR set to xst/projnav.tmp


Total REAL time to Xst completion: 0.00 secs
Total CPU time to Xst completion: 0.08 secs
 
--> 
Parameter xsthdpdir set to xst


Total REAL time to Xst completion: 0.00 secs
Total CPU time to Xst completion: 0.08 secs
 
--> 
Reading design: cipher_control_module.prj

TABLE OF CONTENTS
  1) Synthesis Options Summary
  2) HDL Parsing
  3) HDL Elaboration
  4) HDL Synthesis
       4.1) HDL Synthesis Report
  5) Advanced HDL Synthesis
       5.1) Advanced HDL Synthesis Report
  6) Low Level Synthesis
  7) Partition Report
  8) Design Summary
       8.1) Primitive and Black Box Usage
       8.2) Device utilization summary
       8.3) Partition Resource Summary
       8.4) Timing Report
            8.4.1) Clock Information
            8.4.2) Asynchronous Control Signals Information
            8.4.3) Timing Summary
            8.4.4) Timing Details
            8.4.5) Cross Clock Domains Report


=========================================================================
*                      Synthesis Options Summary                        *
=========================================================================
---- Source Parameters
Input File Name                    : "cipher_control_module.prj"
Ignore Synthesis Constraint File   : NO

---- Target Parameters
Output File Name                   : "cipher_control_module"
Output Format                      : NGC
Target Device                      : xc6slx45-2-csg324

---- Source Options
Top Module Name                    : cipher_control_module
Automatic FSM Extraction           : YES
FSM Encoding Algorithm             : Auto
Safe Implementation                : No
FSM Style                          : LUT
RAM Extraction                     : Yes
RAM Style                          : Auto
ROM Extraction                     : Yes
Shift Register Extraction          : YES
ROM Style                          : Auto
Resource Sharing                   : YES
Asynchronous To Synchronous        : NO
Shift Register Minimum Size        : 2
Use DSP Block                      : Auto
Automatic Register Balancing       : No

---- Target Options
LUT Combining                      : Auto
Reduce Control Sets                : Auto
Add IO Buffers                     : YES
Global Maximum Fanout              : 100000
Add Generic Clock Buffer(BUFG)     : 16
Register Duplication               : YES
Optimize Instantiated Primitives   : NO
Use Clock Enable                   : Auto
Use Synchronous Set                : Auto
Use Synchronous Reset              : Auto
Pack IO Registers into IOBs        : Auto
Equivalent register Removal        : YES

---- General Options
Optimization Goal                  : Speed
Optimization Effort                : 1
Power Reduction                    : NO
Keep Hierarchy                     : No
Netlist Hierarchy                  : As_Optimized
RTL Output                         : Yes
Global Optimization                : AllClockNets
Read Cores                         : YES
Write Timing Constraints           : NO
Cross Clock Analysis               : NO
Hierarchy Separator                : /
Bus Delimiter                      : <>
Case Specifier                     : Maintain
Slice Utilization Ratio            : 100
BRAM Utilization Ratio             : 100
DSP48 Utilization Ratio            : 100
Auto BRAM Packing                  : NO
Slice Utilization Ratio Delta      : 5

=========================================================================


=========================================================================
*                          HDL Parsing                                  *
=========================================================================
Analyzing Verilog file "/home/florianfrank/Documents/Research/Projects/PUFMem/Self-Encrypting-Memory/code/SPECK_Cipher_Verilog/round.v" into library work
Parsing module <round>.
Analyzing Verilog file "/home/florianfrank/Documents/Research/Projects/PUFMem/Self-Encrypting-Memory/code/SPECK_Cipher_Verilog/key_schedule.v" into library work
Parsing module <key_schedule>.
Analyzing Verilog file "/home/florianfrank/Documents/Research/Projects/PUFMem/Self-Encrypting-Memory/code/SPECK_Cipher_Verilog/cipher_control_module.v" into library work
Parsing module <cipher_control_module>.

=========================================================================
*                            HDL Elaboration                            *
=========================================================================
WARNING:HDLCompiler:1016 - "/home/florianfrank/Documents/Research/Projects/PUFMem/Self-Encrypting-Memory/code/SPECK_Cipher_Verilog/cipher_control_module.v" Line 47: Port state_response is not connected to this instance
WARNING:HDLCompiler:1016 - "/home/florianfrank/Documents/Research/Projects/PUFMem/Self-Encrypting-Memory/code/SPECK_Cipher_Verilog/cipher_control_module.v" Line 48: Port state_response is not connected to this instance
WARNING:HDLCompiler:1016 - "/home/florianfrank/Documents/Research/Projects/PUFMem/Self-Encrypting-Memory/code/SPECK_Cipher_Verilog/cipher_control_module.v" Line 50: Port state_response is not connected to this instance
WARNING:HDLCompiler:1016 - "/home/florianfrank/Documents/Research/Projects/PUFMem/Self-Encrypting-Memory/code/SPECK_Cipher_Verilog/cipher_control_module.v" Line 51: Port state_response is not connected to this instance
WARNING:HDLCompiler:1016 - "/home/florianfrank/Documents/Research/Projects/PUFMem/Self-Encrypting-Memory/code/SPECK_Cipher_Verilog/cipher_control_module.v" Line 53: Port state_response is not connected to this instance

Elaborating module <cipher_control_module>.

Elaborating module <round>.
WARNING:HDLCompiler:413 - "/home/florianfrank/Documents/Research/Projects/PUFMem/Self-Encrypting-Memory/code/SPECK_Cipher_Verilog/round.v" Line 55: Result of 6-bit expression is truncated to fit in 5-bit target.
WARNING:HDLCompiler:413 - "/home/florianfrank/Documents/Research/Projects/PUFMem/Self-Encrypting-Memory/code/SPECK_Cipher_Verilog/round.v" Line 125: Result of 5-bit expression is truncated to fit in 4-bit target.

Elaborating module <key_schedule>.
WARNING:HDLCompiler:872 - "/home/florianfrank/Documents/Research/Projects/PUFMem/Self-Encrypting-Memory/code/SPECK_Cipher_Verilog/key_schedule.v" Line 30: Using initial value of xor_vector since it is never assigned
WARNING:HDLCompiler:413 - "/home/florianfrank/Documents/Research/Projects/PUFMem/Self-Encrypting-Memory/code/SPECK_Cipher_Verilog/key_schedule.v" Line 56: Result of 5-bit expression is truncated to fit in 4-bit target.
WARNING:HDLCompiler:634 - "/home/florianfrank/Documents/Research/Projects/PUFMem/Self-Encrypting-Memory/code/SPECK_Cipher_Verilog/cipher_control_module.v" Line 31: Net <signal_start_round[3]> does not have a driver.

=========================================================================
*                           HDL Synthesis                               *
=========================================================================

Synthesizing Unit <cipher_control_module>.
    Related source file is "/home/florianfrank/Documents/Research/Projects/PUFMem/Self-Encrypting-Memory/code/SPECK_Cipher_Verilog/cipher_control_module.v".
        IDLE = 0
        ROUND1 = 1
        ROUND1_DISABLE_START = 2
        ROUND1_WAIT_FINISHED = 3
        KEY_SCHEDULE1_DISABLE_START = 4
        KEY_SCHEDULE1_WAIT_FINISHED = 5
        ROUND2_DISABLE_START = 6
        ROUND2_WAIT_FINISHED = 7
        KEY_SCHEDULE2_DISABLE_START = 8
        KEY_SCHEDULE2_WAIT_FINISHED = 9
        ROUND3_DISABLE_START = 10
        ROUND3_WAIT_FINISHED = 11
INFO:Xst:3210 - "/home/florianfrank/Documents/Research/Projects/PUFMem/Self-Encrypting-Memory/code/SPECK_Cipher_Verilog/cipher_control_module.v" line 47: Output port <state_response> of the instance <round1> is unconnected or connected to loadless signal.
INFO:Xst:3210 - "/home/florianfrank/Documents/Research/Projects/PUFMem/Self-Encrypting-Memory/code/SPECK_Cipher_Verilog/cipher_control_module.v" line 48: Output port <state_response> of the instance <key_schedule1> is unconnected or connected to loadless signal.
INFO:Xst:3210 - "/home/florianfrank/Documents/Research/Projects/PUFMem/Self-Encrypting-Memory/code/SPECK_Cipher_Verilog/cipher_control_module.v" line 50: Output port <state_response> of the instance <round2> is unconnected or connected to loadless signal.
INFO:Xst:3210 - "/home/florianfrank/Documents/Research/Projects/PUFMem/Self-Encrypting-Memory/code/SPECK_Cipher_Verilog/cipher_control_module.v" line 51: Output port <state_response> of the instance <key_schedule2> is unconnected or connected to loadless signal.
INFO:Xst:3210 - "/home/florianfrank/Documents/Research/Projects/PUFMem/Self-Encrypting-Memory/code/SPECK_Cipher_Verilog/cipher_control_module.v" line 53: Output port <state_response> of the instance <round3> is unconnected or connected to loadless signal.
WARNING:Xst:2935 - Signal 'signal_start_round<3>', unconnected in block 'cipher_control_module', is tied to its initial value (0).
    Found 1-bit register for signal <finished>.
    Found 1-bit register for signal <signal_start_round<2>>.
    Found 1-bit register for signal <signal_start_round<1>>.
    Found 1-bit register for signal <signal_start_round<0>>.
    Found 1-bit register for signal <signal_start_key_schedule<1>>.
    Found 1-bit register for signal <signal_start_key_schedule<0>>.
    Found 5-bit register for signal <state>.
    Found 5-bit adder for signal <state[4]_GND_1_o_add_3_OUT> created at line 76.
    Found 5-bit comparator greater for signal <state[4]_GND_1_o_LessThan_3_o> created at line 75
    Summary:
	inferred   1 Adder/Subtractor(s).
	inferred  11 D-type flip-flop(s).
	inferred   1 Comparator(s).
	inferred   5 Multiplexer(s).
Unit <cipher_control_module> synthesized.

Synthesizing Unit <round>.
    Related source file is "/home/florianfrank/Documents/Research/Projects/PUFMem/Self-Encrypting-Memory/code/SPECK_Cipher_Verilog/round.v".
        WAIT_FOR_START = 0
        ASSIGNMENT = 1
        SHIFT = 2
        ADDITION = 3
        XOR_SUBKEY_SHIFT_P0 = 4
        XOR_P0_P1 = 5
        RESULT_ASSIGNMENT = 6
    Found 1-bit register for signal <finished>.
    Found 64-bit register for signal <p0>.
    Found 64-bit register for signal <p1>.
    Found 128-bit register for signal <ciphertext>.
    Found 5-bit register for signal <state>.
    Found 5-bit adder for signal <state[4]_GND_2_o_add_3_OUT> created at line 55.
    Found 64-bit adder for signal <p0[63]_p1[63]_add_13_OUT> created at line 101.
    Found 5-bit comparator greater for signal <state[4]_GND_2_o_LessThan_3_o> created at line 54
    Summary:
	inferred   2 Adder/Subtractor(s).
	inferred 262 D-type flip-flop(s).
	inferred   1 Comparator(s).
	inferred   6 Multiplexer(s).
Unit <round> synthesized.

Synthesizing Unit <key_schedule>.
    Related source file is "/home/florianfrank/Documents/Research/Projects/PUFMem/Self-Encrypting-Memory/code/SPECK_Cipher_Verilog/key_schedule.v".
        WAIT_FOR_START = 0
        ASSIGNMENT = 1
        SHIFT_k1 = 2
        ADD_K0_K1 = 3
        SHIFT_K0_XOR_P2 = 4
        XOR_k1_k2 = 5
        ASSIGN_RESULTS = 6
    Found 1-bit register for signal <finished>.
    Found 64-bit register for signal <k0>.
    Found 64-bit register for signal <k1>.
    Found 128-bit register for signal <outKey>.
    Found 4-bit register for signal <state>.
    Found 4-bit adder for signal <state[3]_GND_3_o_add_2_OUT> created at line 56.
    Found 64-bit adder for signal <k0[63]_k1[63]_add_11_OUT> created at line 84.
    Found 4-bit comparator greater for signal <state[3]_GND_3_o_LessThan_2_o> created at line 55
    Summary:
	inferred   2 Adder/Subtractor(s).
	inferred 261 D-type flip-flop(s).
	inferred   1 Comparator(s).
	inferred   6 Multiplexer(s).
Unit <key_schedule> synthesized.

=========================================================================
HDL Synthesis Report

Macro Statistics
# Adders/Subtractors                                   : 11
 4-bit adder                                           : 2
 5-bit adder                                           : 4
 64-bit adder                                          : 5
# Registers                                            : 32
 1-bit register                                        : 11
 128-bit register                                      : 5
 4-bit register                                        : 2
 5-bit register                                        : 4
 64-bit register                                       : 10
# Comparators                                          : 6
 4-bit comparator greater                              : 2
 5-bit comparator greater                              : 4
# Multiplexers                                         : 35
 1-bit 2-to-1 multiplexer                              : 4
 4-bit 2-to-1 multiplexer                              : 2
 5-bit 2-to-1 multiplexer                              : 4
 64-bit 2-to-1 multiplexer                             : 25
# Xors                                                 : 10
 64-bit xor2                                           : 10

=========================================================================

=========================================================================
*                       Advanced HDL Synthesis                          *
=========================================================================

WARNING:Xst:2677 - Node <outKey_0> of sequential type is unconnected in block <key_schedule1>.
WARNING:Xst:2677 - Node <outKey_1> of sequential type is unconnected in block <key_schedule1>.
WARNING:Xst:2677 - Node <outKey_2> of sequential type is unconnected in block <key_schedule1>.
WARNING:Xst:2677 - Node <outKey_3> of sequential type is unconnected in block <key_schedule1>.
WARNING:Xst:2677 - Node <outKey_4> of sequential type is unconnected in block <key_schedule1>.
WARNING:Xst:2677 - Node <outKey_5> of sequential type is unconnected in block <key_schedule1>.
WARNING:Xst:2677 - Node <outKey_6> of sequential type is unconnected in block <key_schedule1>.
WARNING:Xst:2677 - Node <outKey_7> of sequential type is unconnected in block <key_schedule1>.
WARNING:Xst:2677 - Node <outKey_8> of sequential type is unconnected in block <key_schedule1>.
WARNING:Xst:2677 - Node <outKey_9> of sequential type is unconnected in block <key_schedule1>.
WARNING:Xst:2677 - Node <outKey_10> of sequential type is unconnected in block <key_schedule1>.
WARNING:Xst:2677 - Node <outKey_11> of sequential type is unconnected in block <key_schedule1>.
WARNING:Xst:2677 - Node <outKey_12> of sequential type is unconnected in block <key_schedule1>.
WARNING:Xst:2677 - Node <outKey_13> of sequential type is unconnected in block <key_schedule1>.
WARNING:Xst:2677 - Node <outKey_14> of sequential type is unconnected in block <key_schedule1>.
WARNING:Xst:2677 - Node <outKey_15> of sequential type is unconnected in block <key_schedule1>.
WARNING:Xst:2677 - Node <outKey_16> of sequential type is unconnected in block <key_schedule1>.
WARNING:Xst:2677 - Node <outKey_17> of sequential type is unconnected in block <key_schedule1>.
WARNING:Xst:2677 - Node <outKey_18> of sequential type is unconnected in block <key_schedule1>.
WARNING:Xst:2677 - Node <outKey_19> of sequential type is unconnected in block <key_schedule1>.
WARNING:Xst:2677 - Node <outKey_20> of sequential type is unconnected in block <key_schedule1>.
WARNING:Xst:2677 - Node <outKey_21> of sequential type is unconnected in block <key_schedule1>.
WARNING:Xst:2677 - Node <outKey_22> of sequential type is unconnected in block <key_schedule1>.
WARNING:Xst:2677 - Node <outKey_23> of sequential type is unconnected in block <key_schedule1>.
WARNING:Xst:2677 - Node <outKey_24> of sequential type is unconnected in block <key_schedule1>.
WARNING:Xst:2677 - Node <outKey_25> of sequential type is unconnected in block <key_schedule1>.
WARNING:Xst:2677 - Node <outKey_26> of sequential type is unconnected in block <key_schedule1>.
WARNING:Xst:2677 - Node <outKey_27> of sequential type is unconnected in block <key_schedule1>.
WARNING:Xst:2677 - Node <outKey_28> of sequential type is unconnected in block <key_schedule1>.
WARNING:Xst:2677 - Node <outKey_29> of sequential type is unconnected in block <key_schedule1>.
WARNING:Xst:2677 - Node <outKey_30> of sequential type is unconnected in block <key_schedule1>.
WARNING:Xst:2677 - Node <outKey_31> of sequential type is unconnected in block <key_schedule1>.
WARNING:Xst:2677 - Node <outKey_32> of sequential type is unconnected in block <key_schedule1>.
WARNING:Xst:2677 - Node <outKey_33> of sequential type is unconnected in block <key_schedule1>.
WARNING:Xst:2677 - Node <outKey_34> of sequential type is unconnected in block <key_schedule1>.
WARNING:Xst:2677 - Node <outKey_35> of sequential type is unconnected in block <key_schedule1>.
WARNING:Xst:2677 - Node <outKey_36> of sequential type is unconnected in block <key_schedule1>.
WARNING:Xst:2677 - Node <outKey_37> of sequential type is unconnected in block <key_schedule1>.
WARNING:Xst:2677 - Node <outKey_38> of sequential type is unconnected in block <key_schedule1>.
WARNING:Xst:2677 - Node <outKey_39> of sequential type is unconnected in block <key_schedule1>.
WARNING:Xst:2677 - Node <outKey_40> of sequential type is unconnected in block <key_schedule1>.
WARNING:Xst:2677 - Node <outKey_41> of sequential type is unconnected in block <key_schedule1>.
WARNING:Xst:2677 - Node <outKey_42> of sequential type is unconnected in block <key_schedule1>.
WARNING:Xst:2677 - Node <outKey_43> of sequential type is unconnected in block <key_schedule1>.
WARNING:Xst:2677 - Node <outKey_44> of sequential type is unconnected in block <key_schedule1>.
WARNING:Xst:2677 - Node <outKey_45> of sequential type is unconnected in block <key_schedule1>.
WARNING:Xst:2677 - Node <outKey_46> of sequential type is unconnected in block <key_schedule1>.
WARNING:Xst:2677 - Node <outKey_47> of sequential type is unconnected in block <key_schedule1>.
WARNING:Xst:2677 - Node <outKey_48> of sequential type is unconnected in block <key_schedule1>.
WARNING:Xst:2677 - Node <outKey_49> of sequential type is unconnected in block <key_schedule1>.
WARNING:Xst:2677 - Node <outKey_50> of sequential type is unconnected in block <key_schedule1>.
WARNING:Xst:2677 - Node <outKey_51> of sequential type is unconnected in block <key_schedule1>.
WARNING:Xst:2677 - Node <outKey_52> of sequential type is unconnected in block <key_schedule1>.
WARNING:Xst:2677 - Node <outKey_53> of sequential type is unconnected in block <key_schedule1>.
WARNING:Xst:2677 - Node <outKey_54> of sequential type is unconnected in block <key_schedule1>.
WARNING:Xst:2677 - Node <outKey_55> of sequential type is unconnected in block <key_schedule1>.
WARNING:Xst:2677 - Node <outKey_56> of sequential type is unconnected in block <key_schedule1>.
WARNING:Xst:2677 - Node <outKey_57> of sequential type is unconnected in block <key_schedule1>.
WARNING:Xst:2677 - Node <outKey_58> of sequential type is unconnected in block <key_schedule1>.
WARNING:Xst:2677 - Node <outKey_59> of sequential type is unconnected in block <key_schedule1>.
WARNING:Xst:2677 - Node <outKey_60> of sequential type is unconnected in block <key_schedule1>.
WARNING:Xst:2677 - Node <outKey_61> of sequential type is unconnected in block <key_schedule1>.
WARNING:Xst:2677 - Node <outKey_62> of sequential type is unconnected in block <key_schedule1>.
WARNING:Xst:2677 - Node <outKey_63> of sequential type is unconnected in block <key_schedule1>.
WARNING:Xst:2677 - Node <outKey_0> of sequential type is unconnected in block <key_schedule2>.
WARNING:Xst:2677 - Node <outKey_1> of sequential type is unconnected in block <key_schedule2>.
WARNING:Xst:2677 - Node <outKey_2> of sequential type is unconnected in block <key_schedule2>.
WARNING:Xst:2677 - Node <outKey_3> of sequential type is unconnected in block <key_schedule2>.
WARNING:Xst:2677 - Node <outKey_4> of sequential type is unconnected in block <key_schedule2>.
WARNING:Xst:2677 - Node <outKey_5> of sequential type is unconnected in block <key_schedule2>.
WARNING:Xst:2677 - Node <outKey_6> of sequential type is unconnected in block <key_schedule2>.
WARNING:Xst:2677 - Node <outKey_7> of sequential type is unconnected in block <key_schedule2>.
WARNING:Xst:2677 - Node <outKey_8> of sequential type is unconnected in block <key_schedule2>.
WARNING:Xst:2677 - Node <outKey_9> of sequential type is unconnected in block <key_schedule2>.
WARNING:Xst:2677 - Node <outKey_10> of sequential type is unconnected in block <key_schedule2>.
WARNING:Xst:2677 - Node <outKey_11> of sequential type is unconnected in block <key_schedule2>.
WARNING:Xst:2677 - Node <outKey_12> of sequential type is unconnected in block <key_schedule2>.
WARNING:Xst:2677 - Node <outKey_13> of sequential type is unconnected in block <key_schedule2>.
WARNING:Xst:2677 - Node <outKey_14> of sequential type is unconnected in block <key_schedule2>.
WARNING:Xst:2677 - Node <outKey_15> of sequential type is unconnected in block <key_schedule2>.
WARNING:Xst:2677 - Node <outKey_16> of sequential type is unconnected in block <key_schedule2>.
WARNING:Xst:2677 - Node <outKey_17> of sequential type is unconnected in block <key_schedule2>.
WARNING:Xst:2677 - Node <outKey_18> of sequential type is unconnected in block <key_schedule2>.
WARNING:Xst:2677 - Node <outKey_19> of sequential type is unconnected in block <key_schedule2>.
WARNING:Xst:2677 - Node <outKey_20> of sequential type is unconnected in block <key_schedule2>.
WARNING:Xst:2677 - Node <outKey_21> of sequential type is unconnected in block <key_schedule2>.
WARNING:Xst:2677 - Node <outKey_22> of sequential type is unconnected in block <key_schedule2>.
WARNING:Xst:2677 - Node <outKey_23> of sequential type is unconnected in block <key_schedule2>.
WARNING:Xst:2677 - Node <outKey_24> of sequential type is unconnected in block <key_schedule2>.
WARNING:Xst:2677 - Node <outKey_25> of sequential type is unconnected in block <key_schedule2>.
WARNING:Xst:2677 - Node <outKey_26> of sequential type is unconnected in block <key_schedule2>.
WARNING:Xst:2677 - Node <outKey_27> of sequential type is unconnected in block <key_schedule2>.
WARNING:Xst:2677 - Node <outKey_28> of sequential type is unconnected in block <key_schedule2>.
WARNING:Xst:2677 - Node <outKey_29> of sequential type is unconnected in block <key_schedule2>.
WARNING:Xst:2677 - Node <outKey_30> of sequential type is unconnected in block <key_schedule2>.
WARNING:Xst:2677 - Node <outKey_31> of sequential type is unconnected in block <key_schedule2>.
WARNING:Xst:2677 - Node <outKey_32> of sequential type is unconnected in block <key_schedule2>.
WARNING:Xst:2677 - Node <outKey_33> of sequential type is unconnected in block <key_schedule2>.
WARNING:Xst:2677 - Node <outKey_34> of sequential type is unconnected in block <key_schedule2>.
WARNING:Xst:2677 - Node <outKey_35> of sequential type is unconnected in block <key_schedule2>.
WARNING:Xst:2677 - Node <outKey_36> of sequential type is unconnected in block <key_schedule2>.
WARNING:Xst:2677 - Node <outKey_37> of sequential type is unconnected in block <key_schedule2>.
WARNING:Xst:2677 - Node <outKey_38> of sequential type is unconnected in block <key_schedule2>.
WARNING:Xst:2677 - Node <outKey_39> of sequential type is unconnected in block <key_schedule2>.
WARNING:Xst:2677 - Node <outKey_40> of sequential type is unconnected in block <key_schedule2>.
WARNING:Xst:2677 - Node <outKey_41> of sequential type is unconnected in block <key_schedule2>.
WARNING:Xst:2677 - Node <outKey_42> of sequential type is unconnected in block <key_schedule2>.
WARNING:Xst:2677 - Node <outKey_43> of sequential type is unconnected in block <key_schedule2>.
WARNING:Xst:2677 - Node <outKey_44> of sequential type is unconnected in block <key_schedule2>.
WARNING:Xst:2677 - Node <outKey_45> of sequential type is unconnected in block <key_schedule2>.
WARNING:Xst:2677 - Node <outKey_46> of sequential type is unconnected in block <key_schedule2>.
WARNING:Xst:2677 - Node <outKey_47> of sequential type is unconnected in block <key_schedule2>.
WARNING:Xst:2677 - Node <outKey_48> of sequential type is unconnected in block <key_schedule2>.
WARNING:Xst:2677 - Node <outKey_49> of sequential type is unconnected in block <key_schedule2>.
WARNING:Xst:2677 - Node <outKey_50> of sequential type is unconnected in block <key_schedule2>.
WARNING:Xst:2677 - Node <outKey_51> of sequential type is unconnected in block <key_schedule2>.
WARNING:Xst:2677 - Node <outKey_52> of sequential type is unconnected in block <key_schedule2>.
WARNING:Xst:2677 - Node <outKey_53> of sequential type is unconnected in block <key_schedule2>.
WARNING:Xst:2677 - Node <outKey_54> of sequential type is unconnected in block <key_schedule2>.
WARNING:Xst:2677 - Node <outKey_55> of sequential type is unconnected in block <key_schedule2>.
WARNING:Xst:2677 - Node <outKey_56> of sequential type is unconnected in block <key_schedule2>.
WARNING:Xst:2677 - Node <outKey_57> of sequential type is unconnected in block <key_schedule2>.
WARNING:Xst:2677 - Node <outKey_58> of sequential type is unconnected in block <key_schedule2>.
WARNING:Xst:2677 - Node <outKey_59> of sequential type is unconnected in block <key_schedule2>.
WARNING:Xst:2677 - Node <outKey_60> of sequential type is unconnected in block <key_schedule2>.
WARNING:Xst:2677 - Node <outKey_61> of sequential type is unconnected in block <key_schedule2>.
WARNING:Xst:2677 - Node <outKey_62> of sequential type is unconnected in block <key_schedule2>.
WARNING:Xst:2677 - Node <outKey_63> of sequential type is unconnected in block <key_schedule2>.

Synthesizing (advanced) Unit <cipher_control_module>.
The following registers are absorbed into counter <state>: 1 register on signal <state>.
Unit <cipher_control_module> synthesized (advanced).

Synthesizing (advanced) Unit <key_schedule>.
The following registers are absorbed into counter <state>: 1 register on signal <state>.
Unit <key_schedule> synthesized (advanced).

Synthesizing (advanced) Unit <round>.
The following registers are absorbed into counter <state>: 1 register on signal <state>.
Unit <round> synthesized (advanced).

=========================================================================
Advanced HDL Synthesis Report

Macro Statistics
# Adders/Subtractors                                   : 5
 64-bit adder                                          : 5
# Counters                                             : 6
 4-bit up counter                                      : 2
 5-bit up counter                                      : 4
# Registers                                            : 1291
 Flip-Flops                                            : 1291
# Comparators                                          : 6
 4-bit comparator greater                              : 2
 5-bit comparator greater                              : 4
# Multiplexers                                         : 29
 1-bit 2-to-1 multiplexer                              : 4
 64-bit 2-to-1 multiplexer                             : 25
# Xors                                                 : 10
 64-bit xor2                                           : 10

=========================================================================

=========================================================================
*                         Low Level Synthesis                           *
=========================================================================
WARNING:Xst:2677 - Node <key_schedule2/outKey_63> of sequential type is unconnected in block <cipher_control_module>.
WARNING:Xst:2677 - Node <key_schedule2/outKey_62> of sequential type is unconnected in block <cipher_control_module>.
WARNING:Xst:2677 - Node <key_schedule2/outKey_61> of sequential type is unconnected in block <cipher_control_module>.
WARNING:Xst:2677 - Node <key_schedule2/outKey_60> of sequential type is unconnected in block <cipher_control_module>.
WARNING:Xst:2677 - Node <key_schedule2/outKey_59> of sequential type is unconnected in block <cipher_control_module>.
WARNING:Xst:2677 - Node <key_schedule2/outKey_58> of sequential type is unconnected in block <cipher_control_module>.
WARNING:Xst:2677 - Node <key_schedule2/outKey_57> of sequential type is unconnected in block <cipher_control_module>.
WARNING:Xst:2677 - Node <key_schedule2/outKey_56> of sequential type is unconnected in block <cipher_control_module>.
WARNING:Xst:2677 - Node <key_schedule2/outKey_55> of sequential type is unconnected in block <cipher_control_module>.
WARNING:Xst:2677 - Node <key_schedule2/outKey_54> of sequential type is unconnected in block <cipher_control_module>.
WARNING:Xst:2677 - Node <key_schedule2/outKey_53> of sequential type is unconnected in block <cipher_control_module>.
WARNING:Xst:2677 - Node <key_schedule2/outKey_52> of sequential type is unconnected in block <cipher_control_module>.
WARNING:Xst:2677 - Node <key_schedule2/outKey_51> of sequential type is unconnected in block <cipher_control_module>.
WARNING:Xst:2677 - Node <key_schedule2/outKey_50> of sequential type is unconnected in block <cipher_control_module>.
WARNING:Xst:2677 - Node <key_schedule2/outKey_49> of sequential type is unconnected in block <cipher_control_module>.
WARNING:Xst:2677 - Node <key_schedule2/outKey_48> of sequential type is unconnected in block <cipher_control_module>.
WARNING:Xst:2677 - Node <key_schedule2/outKey_47> of sequential type is unconnected in block <cipher_control_module>.
WARNING:Xst:2677 - Node <key_schedule2/outKey_46> of sequential type is unconnected in block <cipher_control_module>.
WARNING:Xst:2677 - Node <key_schedule2/outKey_45> of sequential type is unconnected in block <cipher_control_module>.
WARNING:Xst:2677 - Node <key_schedule2/outKey_44> of sequential type is unconnected in block <cipher_control_module>.
WARNING:Xst:2677 - Node <key_schedule2/outKey_43> of sequential type is unconnected in block <cipher_control_module>.
WARNING:Xst:2677 - Node <key_schedule2/outKey_42> of sequential type is unconnected in block <cipher_control_module>.
WARNING:Xst:2677 - Node <key_schedule2/outKey_41> of sequential type is unconnected in block <cipher_control_module>.
WARNING:Xst:2677 - Node <key_schedule2/outKey_40> of sequential type is unconnected in block <cipher_control_module>.
WARNING:Xst:2677 - Node <key_schedule2/outKey_39> of sequential type is unconnected in block <cipher_control_module>.
WARNING:Xst:2677 - Node <key_schedule2/outKey_38> of sequential type is unconnected in block <cipher_control_module>.
WARNING:Xst:2677 - Node <key_schedule2/outKey_37> of sequential type is unconnected in block <cipher_control_module>.
WARNING:Xst:2677 - Node <key_schedule2/outKey_36> of sequential type is unconnected in block <cipher_control_module>.
WARNING:Xst:2677 - Node <key_schedule2/outKey_35> of sequential type is unconnected in block <cipher_control_module>.
WARNING:Xst:2677 - Node <key_schedule2/outKey_34> of sequential type is unconnected in block <cipher_control_module>.
WARNING:Xst:2677 - Node <key_schedule2/outKey_33> of sequential type is unconnected in block <cipher_control_module>.
WARNING:Xst:2677 - Node <key_schedule2/outKey_32> of sequential type is unconnected in block <cipher_control_module>.
WARNING:Xst:2677 - Node <key_schedule2/outKey_31> of sequential type is unconnected in block <cipher_control_module>.
WARNING:Xst:2677 - Node <key_schedule2/outKey_30> of sequential type is unconnected in block <cipher_control_module>.
WARNING:Xst:2677 - Node <key_schedule2/outKey_29> of sequential type is unconnected in block <cipher_control_module>.
WARNING:Xst:2677 - Node <key_schedule2/outKey_28> of sequential type is unconnected in block <cipher_control_module>.
WARNING:Xst:2677 - Node <key_schedule2/outKey_27> of sequential type is unconnected in block <cipher_control_module>.
WARNING:Xst:2677 - Node <key_schedule2/outKey_26> of sequential type is unconnected in block <cipher_control_module>.
WARNING:Xst:2677 - Node <key_schedule2/outKey_25> of sequential type is unconnected in block <cipher_control_module>.
WARNING:Xst:2677 - Node <key_schedule2/outKey_24> of sequential type is unconnected in block <cipher_control_module>.
WARNING:Xst:2677 - Node <key_schedule2/outKey_23> of sequential type is unconnected in block <cipher_control_module>.
WARNING:Xst:2677 - Node <key_schedule2/outKey_22> of sequential type is unconnected in block <cipher_control_module>.
WARNING:Xst:2677 - Node <key_schedule2/outKey_21> of sequential type is unconnected in block <cipher_control_module>.
WARNING:Xst:2677 - Node <key_schedule2/outKey_20> of sequential type is unconnected in block <cipher_control_module>.
WARNING:Xst:2677 - Node <key_schedule2/outKey_19> of sequential type is unconnected in block <cipher_control_module>.
WARNING:Xst:2677 - Node <key_schedule2/outKey_18> of sequential type is unconnected in block <cipher_control_module>.
WARNING:Xst:2677 - Node <key_schedule2/outKey_17> of sequential type is unconnected in block <cipher_control_module>.
WARNING:Xst:2677 - Node <key_schedule2/outKey_16> of sequential type is unconnected in block <cipher_control_module>.
WARNING:Xst:2677 - Node <key_schedule2/outKey_15> of sequential type is unconnected in block <cipher_control_module>.
WARNING:Xst:2677 - Node <key_schedule2/outKey_14> of sequential type is unconnected in block <cipher_control_module>.
WARNING:Xst:2677 - Node <key_schedule2/outKey_13> of sequential type is unconnected in block <cipher_control_module>.
WARNING:Xst:2677 - Node <key_schedule2/outKey_12> of sequential type is unconnected in block <cipher_control_module>.
WARNING:Xst:2677 - Node <key_schedule2/outKey_11> of sequential type is unconnected in block <cipher_control_module>.
WARNING:Xst:2677 - Node <key_schedule2/outKey_10> of sequential type is unconnected in block <cipher_control_module>.
WARNING:Xst:2677 - Node <key_schedule2/outKey_9> of sequential type is unconnected in block <cipher_control_module>.
WARNING:Xst:2677 - Node <key_schedule2/outKey_8> of sequential type is unconnected in block <cipher_control_module>.
WARNING:Xst:2677 - Node <key_schedule2/outKey_7> of sequential type is unconnected in block <cipher_control_module>.
WARNING:Xst:2677 - Node <key_schedule2/outKey_6> of sequential type is unconnected in block <cipher_control_module>.
WARNING:Xst:2677 - Node <key_schedule2/outKey_5> of sequential type is unconnected in block <cipher_control_module>.
WARNING:Xst:2677 - Node <key_schedule2/outKey_4> of sequential type is unconnected in block <cipher_control_module>.
WARNING:Xst:2677 - Node <key_schedule2/outKey_3> of sequential type is unconnected in block <cipher_control_module>.
WARNING:Xst:2677 - Node <key_schedule2/outKey_2> of sequential type is unconnected in block <cipher_control_module>.
WARNING:Xst:2677 - Node <key_schedule2/outKey_1> of sequential type is unconnected in block <cipher_control_module>.
WARNING:Xst:2677 - Node <key_schedule2/outKey_0> of sequential type is unconnected in block <cipher_control_module>.
WARNING:Xst:2677 - Node <key_schedule2/k0_63> of sequential type is unconnected in block <cipher_control_module>.
WARNING:Xst:2677 - Node <key_schedule2/k0_62> of sequential type is unconnected in block <cipher_control_module>.
WARNING:Xst:2677 - Node <key_schedule2/k0_61> of sequential type is unconnected in block <cipher_control_module>.
WARNING:Xst:2677 - Node <key_schedule2/k0_60> of sequential type is unconnected in block <cipher_control_module>.
WARNING:Xst:2677 - Node <key_schedule2/k0_59> of sequential type is unconnected in block <cipher_control_module>.
WARNING:Xst:2677 - Node <key_schedule2/k0_58> of sequential type is unconnected in block <cipher_control_module>.
WARNING:Xst:2677 - Node <key_schedule2/k0_57> of sequential type is unconnected in block <cipher_control_module>.
WARNING:Xst:2677 - Node <key_schedule2/k0_56> of sequential type is unconnected in block <cipher_control_module>.
WARNING:Xst:2677 - Node <key_schedule2/k0_55> of sequential type is unconnected in block <cipher_control_module>.
WARNING:Xst:2677 - Node <key_schedule2/k0_54> of sequential type is unconnected in block <cipher_control_module>.
WARNING:Xst:2677 - Node <key_schedule2/k0_53> of sequential type is unconnected in block <cipher_control_module>.
WARNING:Xst:2677 - Node <key_schedule2/k0_52> of sequential type is unconnected in block <cipher_control_module>.
WARNING:Xst:2677 - Node <key_schedule2/k0_51> of sequential type is unconnected in block <cipher_control_module>.
WARNING:Xst:2677 - Node <key_schedule2/k0_50> of sequential type is unconnected in block <cipher_control_module>.
WARNING:Xst:2677 - Node <key_schedule2/k0_49> of sequential type is unconnected in block <cipher_control_module>.
WARNING:Xst:2677 - Node <key_schedule2/k0_48> of sequential type is unconnected in block <cipher_control_module>.
WARNING:Xst:2677 - Node <key_schedule2/k0_47> of sequential type is unconnected in block <cipher_control_module>.
WARNING:Xst:2677 - Node <key_schedule2/k0_46> of sequential type is unconnected in block <cipher_control_module>.
WARNING:Xst:2677 - Node <key_schedule2/k0_45> of sequential type is unconnected in block <cipher_control_module>.
WARNING:Xst:2677 - Node <key_schedule2/k0_44> of sequential type is unconnected in block <cipher_control_module>.
WARNING:Xst:2677 - Node <key_schedule2/k0_43> of sequential type is unconnected in block <cipher_control_module>.
WARNING:Xst:2677 - Node <key_schedule2/k0_42> of sequential type is unconnected in block <cipher_control_module>.
WARNING:Xst:2677 - Node <key_schedule2/k0_41> of sequential type is unconnected in block <cipher_control_module>.
WARNING:Xst:2677 - Node <key_schedule2/k0_40> of sequential type is unconnected in block <cipher_control_module>.
WARNING:Xst:2677 - Node <key_schedule2/k0_39> of sequential type is unconnected in block <cipher_control_module>.
WARNING:Xst:2677 - Node <key_schedule2/k0_38> of sequential type is unconnected in block <cipher_control_module>.
WARNING:Xst:2677 - Node <key_schedule2/k0_37> of sequential type is unconnected in block <cipher_control_module>.
WARNING:Xst:2677 - Node <key_schedule2/k0_36> of sequential type is unconnected in block <cipher_control_module>.
WARNING:Xst:2677 - Node <key_schedule2/k0_35> of sequential type is unconnected in block <cipher_control_module>.
WARNING:Xst:2677 - Node <key_schedule2/k0_34> of sequential type is unconnected in block <cipher_control_module>.
WARNING:Xst:2677 - Node <key_schedule2/k0_33> of sequential type is unconnected in block <cipher_control_module>.
WARNING:Xst:2677 - Node <key_schedule2/k0_32> of sequential type is unconnected in block <cipher_control_module>.
WARNING:Xst:2677 - Node <key_schedule2/k0_31> of sequential type is unconnected in block <cipher_control_module>.
WARNING:Xst:2677 - Node <key_schedule2/k0_30> of sequential type is unconnected in block <cipher_control_module>.
WARNING:Xst:2677 - Node <key_schedule2/k0_29> of sequential type is unconnected in block <cipher_control_module>.
WARNING:Xst:2677 - Node <key_schedule2/k0_28> of sequential type is unconnected in block <cipher_control_module>.
WARNING:Xst:2677 - Node <key_schedule2/k0_27> of sequential type is unconnected in block <cipher_control_module>.
WARNING:Xst:2677 - Node <key_schedule2/k0_26> of sequential type is unconnected in block <cipher_control_module>.
WARNING:Xst:2677 - Node <key_schedule2/k0_25> of sequential type is unconnected in block <cipher_control_module>.
WARNING:Xst:2677 - Node <key_schedule2/k0_24> of sequential type is unconnected in block <cipher_control_module>.
WARNING:Xst:2677 - Node <key_schedule2/k0_23> of sequential type is unconnected in block <cipher_control_module>.
WARNING:Xst:2677 - Node <key_schedule2/k0_22> of sequential type is unconnected in block <cipher_control_module>.
WARNING:Xst:2677 - Node <key_schedule2/k0_21> of sequential type is unconnected in block <cipher_control_module>.
WARNING:Xst:2677 - Node <key_schedule2/k0_20> of sequential type is unconnected in block <cipher_control_module>.
WARNING:Xst:2677 - Node <key_schedule2/k0_19> of sequential type is unconnected in block <cipher_control_module>.
WARNING:Xst:2677 - Node <key_schedule2/k0_18> of sequential type is unconnected in block <cipher_control_module>.
WARNING:Xst:2677 - Node <key_schedule2/k0_17> of sequential type is unconnected in block <cipher_control_module>.
WARNING:Xst:2677 - Node <key_schedule2/k0_16> of sequential type is unconnected in block <cipher_control_module>.
WARNING:Xst:2677 - Node <key_schedule2/k0_15> of sequential type is unconnected in block <cipher_control_module>.
WARNING:Xst:2677 - Node <key_schedule2/k0_14> of sequential type is unconnected in block <cipher_control_module>.
WARNING:Xst:2677 - Node <key_schedule2/k0_13> of sequential type is unconnected in block <cipher_control_module>.
WARNING:Xst:2677 - Node <key_schedule2/k0_12> of sequential type is unconnected in block <cipher_control_module>.
WARNING:Xst:2677 - Node <key_schedule2/k0_11> of sequential type is unconnected in block <cipher_control_module>.
WARNING:Xst:2677 - Node <key_schedule2/k0_10> of sequential type is unconnected in block <cipher_control_module>.
WARNING:Xst:2677 - Node <key_schedule2/k0_9> of sequential type is unconnected in block <cipher_control_module>.
WARNING:Xst:2677 - Node <key_schedule2/k0_8> of sequential type is unconnected in block <cipher_control_module>.
WARNING:Xst:2677 - Node <key_schedule2/k0_7> of sequential type is unconnected in block <cipher_control_module>.
WARNING:Xst:2677 - Node <key_schedule2/k0_6> of sequential type is unconnected in block <cipher_control_module>.
WARNING:Xst:2677 - Node <key_schedule2/k0_5> of sequential type is unconnected in block <cipher_control_module>.
WARNING:Xst:2677 - Node <key_schedule2/k0_4> of sequential type is unconnected in block <cipher_control_module>.
WARNING:Xst:2677 - Node <key_schedule2/k0_3> of sequential type is unconnected in block <cipher_control_module>.
WARNING:Xst:2677 - Node <key_schedule2/k0_2> of sequential type is unconnected in block <cipher_control_module>.
WARNING:Xst:2677 - Node <key_schedule2/k0_1> of sequential type is unconnected in block <cipher_control_module>.
WARNING:Xst:2677 - Node <key_schedule2/k0_0> of sequential type is unconnected in block <cipher_control_module>.
WARNING:Xst:2677 - Node <key_schedule1/outKey_63> of sequential type is unconnected in block <cipher_control_module>.
WARNING:Xst:2677 - Node <key_schedule1/outKey_62> of sequential type is unconnected in block <cipher_control_module>.
WARNING:Xst:2677 - Node <key_schedule1/outKey_61> of sequential type is unconnected in block <cipher_control_module>.
WARNING:Xst:2677 - Node <key_schedule1/outKey_60> of sequential type is unconnected in block <cipher_control_module>.
WARNING:Xst:2677 - Node <key_schedule1/outKey_59> of sequential type is unconnected in block <cipher_control_module>.
WARNING:Xst:2677 - Node <key_schedule1/outKey_58> of sequential type is unconnected in block <cipher_control_module>.
WARNING:Xst:2677 - Node <key_schedule1/outKey_57> of sequential type is unconnected in block <cipher_control_module>.
WARNING:Xst:2677 - Node <key_schedule1/outKey_56> of sequential type is unconnected in block <cipher_control_module>.
WARNING:Xst:2677 - Node <key_schedule1/outKey_55> of sequential type is unconnected in block <cipher_control_module>.
WARNING:Xst:2677 - Node <key_schedule1/outKey_54> of sequential type is unconnected in block <cipher_control_module>.
WARNING:Xst:2677 - Node <key_schedule1/outKey_53> of sequential type is unconnected in block <cipher_control_module>.
WARNING:Xst:2677 - Node <key_schedule1/outKey_52> of sequential type is unconnected in block <cipher_control_module>.
WARNING:Xst:2677 - Node <key_schedule1/outKey_51> of sequential type is unconnected in block <cipher_control_module>.
WARNING:Xst:2677 - Node <key_schedule1/outKey_50> of sequential type is unconnected in block <cipher_control_module>.
WARNING:Xst:2677 - Node <key_schedule1/outKey_49> of sequential type is unconnected in block <cipher_control_module>.
WARNING:Xst:2677 - Node <key_schedule1/outKey_48> of sequential type is unconnected in block <cipher_control_module>.
WARNING:Xst:2677 - Node <key_schedule1/outKey_47> of sequential type is unconnected in block <cipher_control_module>.
WARNING:Xst:2677 - Node <key_schedule1/outKey_46> of sequential type is unconnected in block <cipher_control_module>.
WARNING:Xst:2677 - Node <key_schedule1/outKey_45> of sequential type is unconnected in block <cipher_control_module>.
WARNING:Xst:2677 - Node <key_schedule1/outKey_44> of sequential type is unconnected in block <cipher_control_module>.
WARNING:Xst:2677 - Node <key_schedule1/outKey_43> of sequential type is unconnected in block <cipher_control_module>.
WARNING:Xst:2677 - Node <key_schedule1/outKey_42> of sequential type is unconnected in block <cipher_control_module>.
WARNING:Xst:2677 - Node <key_schedule1/outKey_41> of sequential type is unconnected in block <cipher_control_module>.
WARNING:Xst:2677 - Node <key_schedule1/outKey_40> of sequential type is unconnected in block <cipher_control_module>.
WARNING:Xst:2677 - Node <key_schedule1/outKey_39> of sequential type is unconnected in block <cipher_control_module>.
WARNING:Xst:2677 - Node <key_schedule1/outKey_38> of sequential type is unconnected in block <cipher_control_module>.
WARNING:Xst:2677 - Node <key_schedule1/outKey_37> of sequential type is unconnected in block <cipher_control_module>.
WARNING:Xst:2677 - Node <key_schedule1/outKey_36> of sequential type is unconnected in block <cipher_control_module>.
WARNING:Xst:2677 - Node <key_schedule1/outKey_35> of sequential type is unconnected in block <cipher_control_module>.
WARNING:Xst:2677 - Node <key_schedule1/outKey_34> of sequential type is unconnected in block <cipher_control_module>.
WARNING:Xst:2677 - Node <key_schedule1/outKey_33> of sequential type is unconnected in block <cipher_control_module>.
WARNING:Xst:2677 - Node <key_schedule1/outKey_32> of sequential type is unconnected in block <cipher_control_module>.
WARNING:Xst:2677 - Node <key_schedule1/outKey_31> of sequential type is unconnected in block <cipher_control_module>.
WARNING:Xst:2677 - Node <key_schedule1/outKey_30> of sequential type is unconnected in block <cipher_control_module>.
WARNING:Xst:2677 - Node <key_schedule1/outKey_29> of sequential type is unconnected in block <cipher_control_module>.
WARNING:Xst:2677 - Node <key_schedule1/outKey_28> of sequential type is unconnected in block <cipher_control_module>.
WARNING:Xst:2677 - Node <key_schedule1/outKey_27> of sequential type is unconnected in block <cipher_control_module>.
WARNING:Xst:2677 - Node <key_schedule1/outKey_26> of sequential type is unconnected in block <cipher_control_module>.
WARNING:Xst:2677 - Node <key_schedule1/outKey_25> of sequential type is unconnected in block <cipher_control_module>.
WARNING:Xst:2677 - Node <key_schedule1/outKey_24> of sequential type is unconnected in block <cipher_control_module>.
WARNING:Xst:2677 - Node <key_schedule1/outKey_23> of sequential type is unconnected in block <cipher_control_module>.
WARNING:Xst:2677 - Node <key_schedule1/outKey_22> of sequential type is unconnected in block <cipher_control_module>.
WARNING:Xst:2677 - Node <key_schedule1/outKey_21> of sequential type is unconnected in block <cipher_control_module>.
WARNING:Xst:2677 - Node <key_schedule1/outKey_20> of sequential type is unconnected in block <cipher_control_module>.
WARNING:Xst:2677 - Node <key_schedule1/outKey_19> of sequential type is unconnected in block <cipher_control_module>.
WARNING:Xst:2677 - Node <key_schedule1/outKey_18> of sequential type is unconnected in block <cipher_control_module>.
WARNING:Xst:2677 - Node <key_schedule1/outKey_17> of sequential type is unconnected in block <cipher_control_module>.
WARNING:Xst:2677 - Node <key_schedule1/outKey_16> of sequential type is unconnected in block <cipher_control_module>.
WARNING:Xst:2677 - Node <key_schedule1/outKey_15> of sequential type is unconnected in block <cipher_control_module>.
WARNING:Xst:2677 - Node <key_schedule1/outKey_14> of sequential type is unconnected in block <cipher_control_module>.
WARNING:Xst:2677 - Node <key_schedule1/outKey_13> of sequential type is unconnected in block <cipher_control_module>.
WARNING:Xst:2677 - Node <key_schedule1/outKey_12> of sequential type is unconnected in block <cipher_control_module>.
WARNING:Xst:2677 - Node <key_schedule1/outKey_11> of sequential type is unconnected in block <cipher_control_module>.
WARNING:Xst:2677 - Node <key_schedule1/outKey_10> of sequential type is unconnected in block <cipher_control_module>.
WARNING:Xst:2677 - Node <key_schedule1/outKey_9> of sequential type is unconnected in block <cipher_control_module>.
WARNING:Xst:2677 - Node <key_schedule1/outKey_8> of sequential type is unconnected in block <cipher_control_module>.
WARNING:Xst:2677 - Node <key_schedule1/outKey_7> of sequential type is unconnected in block <cipher_control_module>.
WARNING:Xst:2677 - Node <key_schedule1/outKey_6> of sequential type is unconnected in block <cipher_control_module>.
WARNING:Xst:2677 - Node <key_schedule1/outKey_5> of sequential type is unconnected in block <cipher_control_module>.
WARNING:Xst:2677 - Node <key_schedule1/outKey_4> of sequential type is unconnected in block <cipher_control_module>.
WARNING:Xst:2677 - Node <key_schedule1/outKey_3> of sequential type is unconnected in block <cipher_control_module>.
WARNING:Xst:2677 - Node <key_schedule1/outKey_2> of sequential type is unconnected in block <cipher_control_module>.
WARNING:Xst:2677 - Node <key_schedule1/outKey_1> of sequential type is unconnected in block <cipher_control_module>.
WARNING:Xst:2677 - Node <key_schedule1/outKey_0> of sequential type is unconnected in block <cipher_control_module>.
WARNING:Xst:2677 - Node <key_schedule1/k0_63> of sequential type is unconnected in block <cipher_control_module>.
WARNING:Xst:2677 - Node <key_schedule1/k0_62> of sequential type is unconnected in block <cipher_control_module>.
WARNING:Xst:2677 - Node <key_schedule1/k0_61> of sequential type is unconnected in block <cipher_control_module>.
WARNING:Xst:2677 - Node <key_schedule1/k0_60> of sequential type is unconnected in block <cipher_control_module>.
WARNING:Xst:2677 - Node <key_schedule1/k0_59> of sequential type is unconnected in block <cipher_control_module>.
WARNING:Xst:2677 - Node <key_schedule1/k0_58> of sequential type is unconnected in block <cipher_control_module>.
WARNING:Xst:2677 - Node <key_schedule1/k0_57> of sequential type is unconnected in block <cipher_control_module>.
WARNING:Xst:2677 - Node <key_schedule1/k0_56> of sequential type is unconnected in block <cipher_control_module>.
WARNING:Xst:2677 - Node <key_schedule1/k0_55> of sequential type is unconnected in block <cipher_control_module>.
WARNING:Xst:2677 - Node <key_schedule1/k0_54> of sequential type is unconnected in block <cipher_control_module>.
WARNING:Xst:2677 - Node <key_schedule1/k0_53> of sequential type is unconnected in block <cipher_control_module>.
WARNING:Xst:2677 - Node <key_schedule1/k0_52> of sequential type is unconnected in block <cipher_control_module>.
WARNING:Xst:2677 - Node <key_schedule1/k0_51> of sequential type is unconnected in block <cipher_control_module>.
WARNING:Xst:2677 - Node <key_schedule1/k0_50> of sequential type is unconnected in block <cipher_control_module>.
WARNING:Xst:2677 - Node <key_schedule1/k0_49> of sequential type is unconnected in block <cipher_control_module>.
WARNING:Xst:2677 - Node <key_schedule1/k0_48> of sequential type is unconnected in block <cipher_control_module>.
WARNING:Xst:2677 - Node <key_schedule1/k0_47> of sequential type is unconnected in block <cipher_control_module>.
WARNING:Xst:2677 - Node <key_schedule1/k0_46> of sequential type is unconnected in block <cipher_control_module>.
WARNING:Xst:2677 - Node <key_schedule1/k0_45> of sequential type is unconnected in block <cipher_control_module>.
WARNING:Xst:2677 - Node <key_schedule1/k0_44> of sequential type is unconnected in block <cipher_control_module>.
WARNING:Xst:2677 - Node <key_schedule1/k0_43> of sequential type is unconnected in block <cipher_control_module>.
WARNING:Xst:2677 - Node <key_schedule1/k0_42> of sequential type is unconnected in block <cipher_control_module>.
WARNING:Xst:2677 - Node <key_schedule1/k0_41> of sequential type is unconnected in block <cipher_control_module>.
WARNING:Xst:2677 - Node <key_schedule1/k0_40> of sequential type is unconnected in block <cipher_control_module>.
WARNING:Xst:2677 - Node <key_schedule1/k0_39> of sequential type is unconnected in block <cipher_control_module>.
WARNING:Xst:2677 - Node <key_schedule1/k0_38> of sequential type is unconnected in block <cipher_control_module>.
WARNING:Xst:2677 - Node <key_schedule1/k0_37> of sequential type is unconnected in block <cipher_control_module>.
WARNING:Xst:2677 - Node <key_schedule1/k0_36> of sequential type is unconnected in block <cipher_control_module>.
WARNING:Xst:2677 - Node <key_schedule1/k0_35> of sequential type is unconnected in block <cipher_control_module>.
WARNING:Xst:2677 - Node <key_schedule1/k0_34> of sequential type is unconnected in block <cipher_control_module>.
WARNING:Xst:2677 - Node <key_schedule1/k0_33> of sequential type is unconnected in block <cipher_control_module>.
WARNING:Xst:2677 - Node <key_schedule1/k0_32> of sequential type is unconnected in block <cipher_control_module>.
WARNING:Xst:2677 - Node <key_schedule1/k0_31> of sequential type is unconnected in block <cipher_control_module>.
WARNING:Xst:2677 - Node <key_schedule1/k0_30> of sequential type is unconnected in block <cipher_control_module>.
WARNING:Xst:2677 - Node <key_schedule1/k0_29> of sequential type is unconnected in block <cipher_control_module>.
WARNING:Xst:2677 - Node <key_schedule1/k0_28> of sequential type is unconnected in block <cipher_control_module>.
WARNING:Xst:2677 - Node <key_schedule1/k0_27> of sequential type is unconnected in block <cipher_control_module>.
WARNING:Xst:2677 - Node <key_schedule1/k0_26> of sequential type is unconnected in block <cipher_control_module>.
WARNING:Xst:2677 - Node <key_schedule1/k0_25> of sequential type is unconnected in block <cipher_control_module>.
WARNING:Xst:2677 - Node <key_schedule1/k0_24> of sequential type is unconnected in block <cipher_control_module>.
WARNING:Xst:2677 - Node <key_schedule1/k0_23> of sequential type is unconnected in block <cipher_control_module>.
WARNING:Xst:2677 - Node <key_schedule1/k0_22> of sequential type is unconnected in block <cipher_control_module>.
WARNING:Xst:2677 - Node <key_schedule1/k0_21> of sequential type is unconnected in block <cipher_control_module>.
WARNING:Xst:2677 - Node <key_schedule1/k0_20> of sequential type is unconnected in block <cipher_control_module>.
WARNING:Xst:2677 - Node <key_schedule1/k0_19> of sequential type is unconnected in block <cipher_control_module>.
WARNING:Xst:2677 - Node <key_schedule1/k0_18> of sequential type is unconnected in block <cipher_control_module>.
WARNING:Xst:2677 - Node <key_schedule1/k0_17> of sequential type is unconnected in block <cipher_control_module>.
WARNING:Xst:2677 - Node <key_schedule1/k0_16> of sequential type is unconnected in block <cipher_control_module>.
WARNING:Xst:2677 - Node <key_schedule1/k0_15> of sequential type is unconnected in block <cipher_control_module>.
WARNING:Xst:2677 - Node <key_schedule1/k0_14> of sequential type is unconnected in block <cipher_control_module>.
WARNING:Xst:2677 - Node <key_schedule1/k0_13> of sequential type is unconnected in block <cipher_control_module>.
WARNING:Xst:2677 - Node <key_schedule1/k0_12> of sequential type is unconnected in block <cipher_control_module>.
WARNING:Xst:2677 - Node <key_schedule1/k0_11> of sequential type is unconnected in block <cipher_control_module>.
WARNING:Xst:2677 - Node <key_schedule1/k0_10> of sequential type is unconnected in block <cipher_control_module>.
WARNING:Xst:2677 - Node <key_schedule1/k0_9> of sequential type is unconnected in block <cipher_control_module>.
WARNING:Xst:2677 - Node <key_schedule1/k0_8> of sequential type is unconnected in block <cipher_control_module>.
WARNING:Xst:2677 - Node <key_schedule1/k0_7> of sequential type is unconnected in block <cipher_control_module>.
WARNING:Xst:2677 - Node <key_schedule1/k0_6> of sequential type is unconnected in block <cipher_control_module>.
WARNING:Xst:2677 - Node <key_schedule1/k0_5> of sequential type is unconnected in block <cipher_control_module>.
WARNING:Xst:2677 - Node <key_schedule1/k0_4> of sequential type is unconnected in block <cipher_control_module>.
WARNING:Xst:2677 - Node <key_schedule1/k0_3> of sequential type is unconnected in block <cipher_control_module>.
WARNING:Xst:2677 - Node <key_schedule1/k0_2> of sequential type is unconnected in block <cipher_control_module>.
WARNING:Xst:2677 - Node <key_schedule1/k0_1> of sequential type is unconnected in block <cipher_control_module>.
WARNING:Xst:2677 - Node <key_schedule1/k0_0> of sequential type is unconnected in block <cipher_control_module>.

Optimizing unit <cipher_control_module> ...
WARNING:Xst:1293 - FF/Latch <state_4> has a constant value of 0 in block <cipher_control_module>. This FF/Latch will be trimmed during the optimization process.
WARNING:Xst:1896 - Due to other FF/Latch trimming, FF/Latch <key_schedule2/state_3> has a constant value of 0 in block <cipher_control_module>. This FF/Latch will be trimmed during the optimization process.
WARNING:Xst:1896 - Due to other FF/Latch trimming, FF/Latch <key_schedule1/state_3> has a constant value of 0 in block <cipher_control_module>. This FF/Latch will be trimmed during the optimization process.

Optimizing unit <round> ...
WARNING:Xst:1293 - FF/Latch <state_4> has a constant value of 0 in block <round>. This FF/Latch will be trimmed during the optimization process.
WARNING:Xst:1293 - FF/Latch <state_3> has a constant value of 0 in block <round>. This FF/Latch will be trimmed during the optimization process.
WARNING:Xst:1710 - FF/Latch <key_schedule2/outKey_127> (without init value) has a constant value of 0 in block <cipher_control_module>. This FF/Latch will be trimmed during the optimization process.
WARNING:Xst:1895 - Due to other FF/Latch trimming, FF/Latch <key_schedule2/outKey_126> (without init value) has a constant value of 0 in block <cipher_control_module>. This FF/Latch will be trimmed during the optimization process.
WARNING:Xst:1895 - Due to other FF/Latch trimming, FF/Latch <key_schedule2/outKey_125> (without init value) has a constant value of 0 in block <cipher_control_module>. This FF/Latch will be trimmed during the optimization process.
WARNING:Xst:1895 - Due to other FF/Latch trimming, FF/Latch <key_schedule2/outKey_124> (without init value) has a constant value of 0 in block <cipher_control_module>. This FF/Latch will be trimmed during the optimization process.
WARNING:Xst:1895 - Due to other FF/Latch trimming, FF/Latch <key_schedule2/outKey_123> (without init value) has a constant value of 0 in block <cipher_control_module>. This FF/Latch will be trimmed during the optimization process.
WARNING:Xst:1895 - Due to other FF/Latch trimming, FF/Latch <key_schedule2/outKey_122> (without init value) has a constant value of 0 in block <cipher_control_module>. This FF/Latch will be trimmed during the optimization process.
WARNING:Xst:1895 - Due to other FF/Latch trimming, FF/Latch <key_schedule2/outKey_121> (without init value) has a constant value of 0 in block <cipher_control_module>. This FF/Latch will be trimmed during the optimization process.
WARNING:Xst:1895 - Due to other FF/Latch trimming, FF/Latch <key_schedule2/outKey_120> (without init value) has a constant value of 0 in block <cipher_control_module>. This FF/Latch will be trimmed during the optimization process.
WARNING:Xst:1895 - Due to other FF/Latch trimming, FF/Latch <key_schedule1/outKey_127> (without init value) has a constant value of 0 in block <cipher_control_module>. This FF/Latch will be trimmed during the optimization process.
WARNING:Xst:1895 - Due to other FF/Latch trimming, FF/Latch <key_schedule1/outKey_126> (without init value) has a constant value of 0 in block <cipher_control_module>. This FF/Latch will be trimmed during the optimization process.
WARNING:Xst:1895 - Due to other FF/Latch trimming, FF/Latch <key_schedule1/outKey_125> (without init value) has a constant value of 0 in block <cipher_control_module>. This FF/Latch will be trimmed during the optimization process.
WARNING:Xst:1895 - Due to other FF/Latch trimming, FF/Latch <key_schedule1/outKey_124> (without init value) has a constant value of 0 in block <cipher_control_module>. This FF/Latch will be trimmed during the optimization process.
WARNING:Xst:1895 - Due to other FF/Latch trimming, FF/Latch <key_schedule1/outKey_123> (without init value) has a constant value of 0 in block <cipher_control_module>. This FF/Latch will be trimmed during the optimization process.
WARNING:Xst:1895 - Due to other FF/Latch trimming, FF/Latch <key_schedule1/outKey_122> (without init value) has a constant value of 0 in block <cipher_control_module>. This FF/Latch will be trimmed during the optimization process.
WARNING:Xst:1895 - Due to other FF/Latch trimming, FF/Latch <key_schedule1/outKey_121> (without init value) has a constant value of 0 in block <cipher_control_module>. This FF/Latch will be trimmed during the optimization process.
WARNING:Xst:1895 - Due to other FF/Latch trimming, FF/Latch <key_schedule1/outKey_120> (without init value) has a constant value of 0 in block <cipher_control_module>. This FF/Latch will be trimmed during the optimization process.

Mapping all equations...
Building and optimizing final netlist ...
Found area constraint ratio of 100 (+ 5) on block cipher_control_module, actual ratio is 6.
FlipFlop key_schedule1/state_0 has been replicated 1 time(s)
FlipFlop key_schedule1/state_1 has been replicated 1 time(s)
FlipFlop key_schedule1/state_2 has been replicated 2 time(s)
FlipFlop key_schedule2/state_0 has been replicated 1 time(s)
FlipFlop key_schedule2/state_1 has been replicated 1 time(s)
FlipFlop key_schedule2/state_2 has been replicated 2 time(s)
FlipFlop round1/state_0 has been replicated 1 time(s)
FlipFlop round1/state_1 has been replicated 3 time(s)
FlipFlop round1/state_2 has been replicated 2 time(s)
FlipFlop round2/state_0 has been replicated 1 time(s)
FlipFlop round2/state_1 has been replicated 4 time(s)
FlipFlop round2/state_2 has been replicated 2 time(s)
FlipFlop round3/state_0 has been replicated 3 time(s)
FlipFlop round3/state_1 has been replicated 4 time(s)
FlipFlop round3/state_2 has been replicated 2 time(s)

Final Macro Processing ...

=========================================================================
Final Register Report

Macro Statistics
# Registers                                            : 1068
 Flip-Flops                                            : 1068

=========================================================================

=========================================================================
*                           Partition Report                            *
=========================================================================

Partition Implementation Status
-------------------------------

  No Partitions were found in this design.

-------------------------------

=========================================================================
*                            Design Summary                             *
=========================================================================

Top Level Output File Name         : cipher_control_module.ngc

Primitive and Black Box Usage:
------------------------------
# BELS                             : 2015
#      GND                         : 1
#      INV                         : 3
#      LUT2                        : 265
#      LUT3                        : 27
#      LUT4                        : 716
#      LUT5                        : 216
#      LUT6                        : 318
#      MUXCY                       : 189
#      MUXF7                       : 88
#      XORCY                       : 192
# FlipFlops/Latches                : 1068
#      FD                          : 11
#      FDE                         : 1057
# Clock Buffers                    : 1
#      BUFGP                       : 1
# IO Buffers                       : 327
#      IBUF                        : 193
#      OBUF                        : 134

Device utilization summary:
---------------------------

Selected Device : 6slx45csg324-2 


Slice Logic Utilization: 
 Number of Slice Registers:            1068  out of  54576     1%  
 Number of Slice LUTs:                 1545  out of  27288     5%  
    Number used as Logic:              1545  out of  27288     5%  

Slice Logic Distribution: 
 Number of LUT Flip Flop pairs used:   1557
   Number with an unused Flip Flop:     489  out of   1557    31%  
   Number with an unused LUT:            12  out of   1557     0%  
   Number of fully used LUT-FF pairs:  1056  out of   1557    67%  
   Number of unique control sets:        22

IO Utilization: 
 Number of IOs:                         392
 Number of bonded IOBs:                 328  out of    218   150% (*) 

Specific Feature Utilization:
 Number of BUFG/BUFGCTRLs:                1  out of     16     6%  

WARNING:Xst:1336 -  (*) More than 100% of Device resources are used

---------------------------
Partition Resource Summary:
---------------------------

  No Partitions were found in this design.

---------------------------


=========================================================================
Timing Report

NOTE: THESE TIMING NUMBERS ARE ONLY A SYNTHESIS ESTIMATE.
      FOR ACCURATE TIMING INFORMATION PLEASE REFER TO THE TRACE REPORT
      GENERATED AFTER PLACE-and-ROUTE.

Clock Information:
------------------
-----------------------------------+------------------------+-------+
Clock Signal                       | Clock buffer(FF name)  | Load  |
-----------------------------------+------------------------+-------+
clk                                | BUFGP                  | 1068  |
-----------------------------------+------------------------+-------+

Asynchronous Control Signals Information:
----------------------------------------
No asynchronous control signals found in this design

Timing Summary:
---------------
Speed Grade: -2

   Minimum period: 5.520ns (Maximum Frequency: 181.158MHz)
   Minimum input arrival time before clock: 3.957ns
   Maximum output required time after clock: 4.202ns
   Maximum combinational path delay: No path found

Timing Details:
---------------
All values displayed in nanoseconds (ns)

=========================================================================
Timing constraint: Default period analysis for Clock 'clk'
  Clock period: 5.520ns (frequency: 181.158MHz)
  Total number of paths / destination ports: 26218 / 2125
-------------------------------------------------------------------------
Delay:               5.520ns (Levels of Logic = 1)
  Source:            round3/state_1_1 (FF)
  Destination:       round3/p0_63 (FF)
  Source Clock:      clk rising
  Destination Clock: clk rising

  Data Path: round3/state_1_1 to round3/p0_63
                                Gate     Net
    Cell:in->out      fanout   Delay   Delay  Logical Name (Net Name)
    ----------------------------------------  ------------
     FDE:C->Q            130   0.525   2.529  round3/state_1_1 (round3/state_1_1)
     LUT3:I0->O           64   0.235   1.929  round3/_n0132_inv1 (round3/_n0132_inv)
     FDE:CE                    0.302          round3/p0_0
    ----------------------------------------
    Total                      5.520ns (1.062ns logic, 4.458ns route)
                                       (19.2% logic, 80.8% route)

=========================================================================
Timing constraint: Default OFFSET IN BEFORE for Clock 'clk'
  Total number of paths / destination ports: 371 / 260
-------------------------------------------------------------------------
Offset:              3.957ns (Levels of Logic = 3)
  Source:            plaintext<127> (PAD)
  Destination:       round1/p1_63 (FF)
  Destination Clock: clk rising

  Data Path: plaintext<127> to round1/p1_63
                                Gate     Net
    Cell:in->out      fanout   Delay   Delay  Logical Name (Net Name)
    ----------------------------------------  ------------
     IBUF:I->O             2   1.328   1.156  plaintext_127_IBUF (plaintext_127_IBUF)
     LUT5:I0->O            1   0.254   0.910  round1/Mmux__n0109601_SW1 (N7)
     LUT5:I2->O            1   0.235   0.000  round1/Mmux__n0109602 (round1/_n0109<63>)
     FDE:D                     0.074          round1/p1_63
    ----------------------------------------
    Total                      3.957ns (1.891ns logic, 2.066ns route)
                                       (47.8% logic, 52.2% route)

=========================================================================
Timing constraint: Default OFFSET OUT AFTER for Clock 'clk'
  Total number of paths / destination ports: 132 / 132
-------------------------------------------------------------------------
Offset:              4.202ns (Levels of Logic = 1)
  Source:            signal_start_round_2 (FF)
  Destination:       state_response<2> (PAD)
  Source Clock:      clk rising

  Data Path: signal_start_round_2 to state_response<2>
                                Gate     Net
    Cell:in->out      fanout   Delay   Delay  Logical Name (Net Name)
    ----------------------------------------  ------------
     FD:C->Q               3   0.525   0.765  signal_start_round_2 (signal_start_round_2)
     OBUF:I->O                 2.912          state_response_2_OBUF (state_response<2>)
    ----------------------------------------
    Total                      4.202ns (3.437ns logic, 0.765ns route)
                                       (81.8% logic, 18.2% route)

=========================================================================

Cross Clock Domains Report:
--------------------------

Clock to Setup on destination clock clk
---------------+---------+---------+---------+---------+
               | Src:Rise| Src:Fall| Src:Rise| Src:Fall|
Source Clock   |Dest:Rise|Dest:Rise|Dest:Fall|Dest:Fall|
---------------+---------+---------+---------+---------+
clk            |    5.520|         |         |         |
---------------+---------+---------+---------+---------+

=========================================================================


Total REAL time to Xst completion: 7.00 secs
Total CPU time to Xst completion: 6.20 secs
 
--> 


Total memory usage is 378740 kilobytes

Number of errors   :    0 (   0 filtered)
Number of warnings :  417 (   0 filtered)
Number of infos    :    5 (   0 filtered)

